[debug] [2025-11-05T00:33:36.798Z] ----------------------------------------------------------------------
[debug] [2025-11-05T00:33:36.815Z] Command:       C:\Program Files\nodejs\node.exe C:\Users\HP\AppData\Roaming\npm\node_modules\firebase-tools\lib\bin\firebase.js init functions
[debug] [2025-11-05T00:33:36.815Z] CLI Version:   14.8.0
[debug] [2025-11-05T00:33:36.815Z] Platform:      win32
[debug] [2025-11-05T00:33:36.816Z] Node Version:  v22.12.0
[debug] [2025-11-05T00:33:36.816Z] Time:          Tue Nov 04 2025 20:33:36 GMT-0400 (Bolivia Time)
[debug] [2025-11-05T00:33:36.817Z] ----------------------------------------------------------------------
[debug] 
[debug] [2025-11-05T00:33:36.820Z] >>> [apiv2][query] GET https://firebase-public.firebaseio.com/cli.json [none]
[debug] [2025-11-05T00:33:36.940Z] > command requires scopes: ["email","openid","https://www.googleapis.com/auth/cloudplatformprojects.readonly","https://www.googleapis.com/auth/firebase","https://www.googleapis.com/auth/cloud-platform"]
[debug] [2025-11-05T00:33:36.940Z] > authorizing via signed-in user (rafaela.herrera.heeiden@gmail.com)
[info] 
     ######## #### ########  ######## ########     ###     ######  ########
     ##        ##  ##     ## ##       ##     ##  ##   ##  ##       ##
     ######    ##  ########  ######   ########  #########  ######  ######
     ##        ##  ##    ##  ##       ##     ## ##     ##       ## ##
     ##       #### ##     ## ######## ########  ##     ##  ######  ########

You're about to initialize a Firebase project in this directory:

  C:\Users\HP\Pictures\PruebaFastApi\PruebaFastApi

[debug] [2025-11-05T00:33:37.816Z] <<< [apiv2][status] GET https://firebase-public.firebaseio.com/cli.json 200
[debug] [2025-11-05T00:33:37.816Z] <<< [apiv2][body] GET https://firebase-public.firebaseio.com/cli.json {"cloudBuildErrorAfter":1594252800000,"cloudBuildWarnAfter":1590019200000,"defaultNode10After":1594252800000,"minVersion":"3.0.5","node8DeploysDisabledAfter":1613390400000,"node8RuntimeDisabledAfter":1615809600000,"node8WarnAfter":1600128000000}
[info] 
=== Project Setup
[info] 
[info] First, let's associate this project directory with a Firebase project.
[info] You can create multiple project aliases by running firebase use --add, 
[info] but for now we'll just set up a default project.
[info] 
[debug] [2025-11-05T00:33:46.877Z] Checked if tokens are valid: false, expires at: 1750704618596
[debug] [2025-11-05T00:33:46.877Z] Checked if tokens are valid: false, expires at: 1750704618596
[debug] [2025-11-05T00:33:46.878Z] > refreshing access token with scopes: []
[debug] [2025-11-05T00:33:46.880Z] >>> [apiv2][query] POST https://www.googleapis.com/oauth2/v3/token [none]
[debug] [2025-11-05T00:33:46.880Z] >>> [apiv2][body] POST https://www.googleapis.com/oauth2/v3/token [omitted]
[debug] [2025-11-05T00:33:47.353Z] <<< [apiv2][status] POST https://www.googleapis.com/oauth2/v3/token 200
[debug] [2025-11-05T00:33:47.353Z] <<< [apiv2][body] POST https://www.googleapis.com/oauth2/v3/token [omitted]
[debug] [2025-11-05T00:33:47.363Z] >>> [apiv2][query] GET https://firebase.googleapis.com/v1beta1/projects pageSize=100
[debug] [2025-11-05T00:33:48.466Z] <<< [apiv2][status] GET https://firebase.googleapis.com/v1beta1/projects 200
[debug] [2025-11-05T00:33:48.466Z] <<< [apiv2][body] GET https://firebase.googleapis.com/v1beta1/projects [omitted]
